Microchip MPLAB XC8 Compiler V1.12 ()

Linker command line:

--edf=/opt/microchip/xc8/v1.12/dat/en_msgs.txt -cs \
  -h+dist/default/debug/Wulfgar.X.debug.sym -z -Q16F886 -ol.obj \
  -Mdist/default/debug/Wulfgar.X.debug.map -E1 -ver=XC8 -ACONST=00h-0FFhx31 \
  -ACODE=00h-07FFhx3,01800h-01EFFh -ASTRCODE=00h-01EFFh -AENTRY=00h-0FFhx31 \
  -ASTRING=00h-0FFhx31 -ACOMMON=071h-07Fh -ABANK0=020h-06Fh \
  -ABANK1=0A0h-0EFh -ABANK2=0110h-016Fh -ABANK3=0190h-01E4h \
  -ARAM=020h-06Fh,0A0h-0EFh,0110h-016Fh,0190h-01E4h \
  -AABS1=020h-07Fh,0A0h-0EFh,0110h-016Fh,0190h-01EFh -ASFR0=00h-01Fh \
  -ASFR1=080h-09Fh -ASFR2=0100h-010Fh -ASFR3=0180h-018Fh \
  -preset_vec=00h,intentry,init,end_init -ppowerup=CODE -pfunctab=CODE \
  -ACONFIG=02007h-02008h -pconfig=CONFIG -DCONFIG=2 -AIDLOC=02000h-02003h \
  -pidloc=IDLOC -DIDLOC=2 -AEEDATA=00h-0FFh/02100h -peeprom_data=EEDATA \
  -DEEDATA=2 -DCODE=2 -DSTRCODE=2 -DSTRING=2 -DCONST=2 -DENTRY=2 -k \
  /tmp/cgt7hLPkB.obj dist/default/debug/Wulfgar.X.debug.obj 

Object code version is 3.10

Machine type is 16F886



                Name                               Link     Load   Length Selector   Space Scale
/tmp/cgt7hLPkB.obj
                end_init                              1        1        3        0       0
                reset_vec                             0        0        1        0       0
                config                             2007     2007        2     400E       0
dist/default/debug/Wulfgar.X.debug.obj
                text82                              749      749       1D      E92       0
                text81                              7AF      7AF       51      F5E       0
                text80                              73A      73A        F      E74       0
                text79                              766      766       23      ECC       0
                text78                              730      730        A      E60       0
                maintext                            789      789       26      F12       0
                cstackCOMMON                         71       71        8       71       1
                cinit                               72C      72C        4      E58       0

TOTAL           Name                               Link     Load   Length     Space
        CLASS   CONST          

        CLASS   CODE           
                end_init                              1        1        3         0
                reset_vec                             0        0        1         0
                text82                              749      749       1D         0
                text81                              7AF      7AF       51         0
                text80                              73A      73A        F         0
                text79                              766      766       23         0
                text78                              730      730        A         0
                maintext                            789      789       26         0
                cinit                               72C      72C        4         0

        CLASS   STRCODE        

        CLASS   ENTRY          

        CLASS   STRING         

        CLASS   COMMON         
                cstackCOMMON                         71       71        8         1

        CLASS   BANK0          

        CLASS   BANK1          

        CLASS   BANK2          

        CLASS   BANK3          

        CLASS   RAM            

        CLASS   ABS1           
                abs_s1                               7E       7E        2         1

        CLASS   SFR0           

        CLASS   SFR1           

        CLASS   SFR2           

        CLASS   SFR3           

        CLASS   CONFIG         
                config                             2007     2007        2         0

        CLASS   IDLOC          

        CLASS   EEDATA         



SEGMENTS        Name                           Load    Length   Top    Selector   Space  Class     Delta

                reset_vec                      000000  000004  000004         0       0  CODE        2
                cstackCOMMON                   000071  000008  000079        71       1  COMMON      1
                cinit                          00072C  000004  000730       E58       0  CODE        2
                text78                         000730  00000A  00073A       E60       0  CODE        2
                text80                         00073A  00000F  000749       E74       0  CODE        2
                text82                         000749  00001D  000766       E92       0  CODE        2
                text79                         000766  000023  000789       ECC       0  CODE        2
                maintext                       000789  000026  0007AF       F12       0  CODE        2
                text81                         0007AF  000051  000800       F5E       0  CODE        2
                config                         002007  000002  002009      400E       0  CONFIG      2


UNUSED ADDRESS RANGES

        Name                Unused          Largest block    Delta
        BANK0            0020-006F             50           1
        BANK1            00A0-00EF             50           1
        BANK2            0110-016F             60           1
        BANK3            0190-01E4             55           1
        CODE             0004-072B            728           2
                         0800-1EFF            800
        COMMON           0079-007D              5           1
        CONST            0004-072B            100           2
                         0800-1EFF            100
        EEDATA           2100-21FF            100           2
        ENTRY            0004-072B            100           2
                         0800-1EFF            100
        IDLOC            2000-2003              4           2
        RAM              0020-006F             50           1
                         00A0-00EF             50
                         0110-016F             60
                         0190-01E4             55
        SFR0             0000-001F             20           1
        SFR1             0080-009F             20           1
        SFR2             0100-010F             10           1
        SFR3             0180-018F             10           1
        STRCODE          0004-072B            728           2
                         0800-1EFF           1700
        STRING           0004-072B            100           2
                         0800-1EFF            100

                                  Symbol Table

_ANSEL                       (abs)        0188
_ANSELH                      (abs)        0189
_BRG16                       (abs)        0C3B
_BRGH                        (abs)        04C2
_CREN                        (abs)        00C4
_FERR                        (abs)        00C2
_GIE                         (abs)        005F
_OERR                        (abs)        00C1
_RB5                         (abs)        0035
_RCIE                        (abs)        0465
_RCIF                        (abs)        0065
_RCREG                       (abs)        001A
_RX9                         (abs)        00C6
_SPBRG                       (abs)        0099
_SPBRGH                      (abs)        009A
_SPEN                        (abs)        00C7
_SYNC                        (abs)        04C4
_Set_SPBRG                   text81       07AF
_TRISB5                      (abs)        0435
_TRISC6                      (abs)        043E
_TRISC7                      (abs)        043F
_TX9                         (abs)        04C6
_TXEN                        (abs)        04C5
_TXIE                        (abs)        0464
_TXIF                        (abs)        0064
_TXREG                       (abs)        0019
_USART_Init                  text79       0766
__CFG_BOR4V$BOR21V           (abs)        0000
__CFG_BOREN$OFF              (abs)        0000
__CFG_CP$OFF                 (abs)        0000
__CFG_CPD$OFF                (abs)        0000
__CFG_FCMEN$OFF              (abs)        0000
__CFG_FOSC$INTRC_NOCLKOUT    (abs)        0000
__CFG_IESO$OFF               (abs)        0000
__CFG_LVP$OFF                (abs)        0000
__CFG_MCLRE$ON               (abs)        0000
__CFG_PWRTE$OFF              (abs)        0000
__CFG_WDTE$OFF               (abs)        0000
__CFG_WRT$OFF                (abs)        0000
__Habs1                      abs1         0000
__Hbank0                     bank0        0000
__Hbank1                     bank1        0000
__Hbank2                     bank2        0000
__Hbank3                     bank3        0000
__Hcinit                     cinit        0000
__Hclrtext                   clrtext      0000
__Hcode                      code         0000
__Hcommon                    common       0000
__Hconfig                    config       2009
__HcstackCOMMON              cstackCOMMON 0000
__Heeprom_data               eeprom_data  0000
__Hend_init                  end_init     0004
__Hfunctab                   functab      0000
__Hidloc                     idloc        0000
__Hinit                      init         0001
__Hintentry                  intentry     0001
__Hmaintext                  maintext     0000
__Hpowerup                   powerup      0000
__Hram                       ram          0000
__Hreset_vec                 reset_vec    0001
__Hsfr0                      sfr0         0000
__Hsfr1                      sfr1         0000
__Hsfr2                      sfr2         0000
__Hsfr3                      sfr3         0000
__Hstrings                   strings      0000
__Htext                      text         0000
__Labs1                      abs1         0000
__Lbank0                     bank0        0000
__Lbank1                     bank1        0000
__Lbank2                     bank2        0000
__Lbank3                     bank3        0000
__Lcinit                     cinit        0000
__Lclrtext                   clrtext      0000
__Lcode                      code         0000
__Lcommon                    common       0000
__Lconfig                    config       2007
__LcstackCOMMON              cstackCOMMON 0000
__Leeprom_data               eeprom_data  0000
__Lend_init                  end_init     0001
__Lfunctab                   functab      0000
__Lidloc                     idloc        0000
__Linit                      init         0001
__Lintentry                  intentry     0001
__Lmaintext                  maintext     0000
__Lpowerup                   powerup      0000
__Lram                       ram          0000
__Lreset_vec                 reset_vec    0000
__Lsfr0                      sfr0         0000
__Lsfr1                      sfr1         0000
__Lsfr2                      sfr2         0000
__Lsfr3                      sfr3         0000
__Lstrings                   strings      0000
__Ltext                      text         0000
__S0                         (abs)        2009
__S1                         (abs)        0079
__S2                         (abs)        0000
__end_of_Set_SPBRG           text81       0800
__end_of_USART_Init          text79       0789
__end_of__initialization     cinit        072C
__end_of_clear_usart_errors  text82       0766
__end_of_get_USART_char      text80       0749
__end_of_main                maintext     07AF
__end_of_picInit             text78       073A
__initialization             cinit        072C
__pcstackCOMMON              cstackCOMMON 0071
__pmaintext                  maintext     0789
__ptext77                    text77       0000
__ptext78                    text78       0730
__ptext79                    text79       0766
__ptext80                    text80       073A
__ptext81                    text81       07AF
__ptext82                    text82       0749
__ptext83                    text83       0000
__size_of_Set_SPBRG          (abs)        0000
__size_of_USART_Init         (abs)        0000
__size_of_clear_usart_errors (abs)        0000
__size_of_get_USART_char     (abs)        0000
__size_of_main               (abs)        0000
__size_of_picInit            (abs)        0000
_clear_usart_errors          text82       0749
_get_USART_char              text80       073A
_main                        maintext     0789
_picInit                     text78       0730
btemp                        (abs)        007E
clear_usart_errors@dummy     cstackCOMMON 0072
end_of_initialization        cinit        072C
intlevel0                    functab      0000
intlevel1                    functab      0000
intlevel2                    functab      0000
intlevel3                    functab      0000
intlevel4                    functab      0000
intlevel5                    functab      0000
main@command                 cstackCOMMON 0078
reset_vec                    reset_vec    0000
start                        init         0001
start_initialization         cinit        072C
wtemp0                       (abs)        007E


FUNCTION INFORMATION:

 *************** function _main *****************
 Defined at:
		line 16 in file "main.c"
 Parameters:    Size  Location     Type
  argc            2    2[COMMON] int 
  argv            2    4[COMMON] PTR PTR unsigned char 
 Auto vars:     Size  Location     Type
  command         1    7[COMMON] unsigned char 
 Return value:  Size  Location     Type
                  2    2[COMMON] int 
 Registers used:
		wreg, fsr0l, fsr0h, status,2, status,0, pclath, cstack
 Tracked objects:
		On entry : 
		On exit  : 
		Unchanged: 
 Data sizes:     COMMON   BANK0   BANK1   BANK3   BANK2
      Params:         4       0       0       0       0
      Locals:         1       0       0       0       0
      Temps:          1       0       0       0       0
      Totals:         6       0       0       0       0
Total ram usage:        6 bytes
 Hardware stack levels required when called:    2
 This function calls:
		_picInit
		_USART_Init
		_get_USART_char
 This function is called by:
		Startup code after reset
 This function uses a non-reentrant model


 *************** function _picInit *****************
 Defined at:
		line 43 in file "main.c"
 Parameters:    Size  Location     Type
		None
 Auto vars:     Size  Location     Type
		None
 Return value:  Size  Location     Type
		None               void
 Registers used:
		status,2
 Tracked objects:
		On entry : 
		On exit  : 
		Unchanged: 
 Data sizes:     COMMON   BANK0   BANK1   BANK3   BANK2
      Params:         0       0       0       0       0
      Locals:         0       0       0       0       0
      Temps:          0       0       0       0       0
      Totals:         0       0       0       0       0
Total ram usage:        0 bytes
 Hardware stack levels used:    1
 This function calls:
		Nothing
 This function is called by:
		_main
 This function uses a non-reentrant model


 *************** function _USART_Init *****************
 Defined at:
		line 20 in file "usart.c"
 Parameters:    Size  Location     Type
		None
 Auto vars:     Size  Location     Type
		None
 Return value:  Size  Location     Type
		None               void
 Registers used:
		wreg, fsr0l, fsr0h, status,2, status,0, pclath, cstack
 Tracked objects:
		On entry : 
		On exit  : 
		Unchanged: 
 Data sizes:     COMMON   BANK0   BANK1   BANK3   BANK2
      Params:         0       0       0       0       0
      Locals:         0       0       0       0       0
      Temps:          0       0       0       0       0
      Totals:         0       0       0       0       0
Total ram usage:        0 bytes
 Hardware stack levels used:    1
 Hardware stack levels required when called:    1
 This function calls:
		_Set_SPBRG
 This function is called by:
		_main
 This function uses a non-reentrant model


 *************** function _get_USART_char *****************
 Defined at:
		line 100 in file "usart.c"
 Parameters:    Size  Location     Type
		None
 Auto vars:     Size  Location     Type
		None
 Return value:  Size  Location     Type
                  1    wreg      unsigned char 
 Registers used:
		wreg, status,2, status,0, pclath, cstack
 Tracked objects:
		On entry : 
		On exit  : 
		Unchanged: 
 Data sizes:     COMMON   BANK0   BANK1   BANK3   BANK2
      Params:         0       0       0       0       0
      Locals:         0       0       0       0       0
      Temps:          0       0       0       0       0
      Totals:         0       0       0       0       0
Total ram usage:        0 bytes
 Hardware stack levels used:    1
 Hardware stack levels required when called:    1
 This function calls:
		_clear_usart_errors
 This function is called by:
		_main
 This function uses a non-reentrant model


 *************** function _Set_SPBRG *****************
 Defined at:
		line 73 in file "usart.c"
 Parameters:    Size  Location     Type
		None
 Auto vars:     Size  Location     Type
		None
 Return value:  Size  Location     Type
		None               void
 Registers used:
		wreg, fsr0l, fsr0h, status,2, status,0
 Tracked objects:
		On entry : 
		On exit  : 
		Unchanged: 
 Data sizes:     COMMON   BANK0   BANK1   BANK3   BANK2
      Params:         0       0       0       0       0
      Locals:         0       0       0       0       0
      Temps:          0       0       0       0       0
      Totals:         0       0       0       0       0
Total ram usage:        0 bytes
 Hardware stack levels used:    1
 This function calls:
		Nothing
 This function is called by:
		_USART_Init
 This function uses a non-reentrant model


 *************** function _clear_usart_errors *****************
 Defined at:
		line 150 in file "usart.c"
 Parameters:    Size  Location     Type
		None
 Auto vars:     Size  Location     Type
  dummy           1    1[COMMON] unsigned char 
 Return value:  Size  Location     Type
		None               void
 Registers used:
		wreg
 Tracked objects:
		On entry : 
		On exit  : 
		Unchanged: 
 Data sizes:     COMMON   BANK0   BANK1   BANK3   BANK2
      Params:         0       0       0       0       0
      Locals:         1       0       0       0       0
      Temps:          1       0       0       0       0
      Totals:         2       0       0       0       0
Total ram usage:        2 bytes
 Hardware stack levels used:    1
 This function calls:
		Nothing
 This function is called by:
		_get_USART_char
		_get_USART_char_timeout
		_send_USART_char
 This function uses a non-reentrant model



MODULE INFORMATION

Module		Function		Class		Link	Load	Size
shared
		__initializatio		CODE           	072C	0000	0

shared estimated size: 0

main.c
		_main          		CODE           	0789	0000	38
		_picInit       		CODE           	0730	0000	10

main.c estimated size: 48

usart.c
		_Set_SPBRG     		CODE           	07AF	0000	81
		_get_USART_char		CODE           	073A	0000	15
		_clear_usart_er		CODE           	0749	0000	29
		_USART_Init    		CODE           	0766	0000	35

usart.c estimated size: 160

